
> astro-component-starter@1.0.0 build
> astro build

11:09:09 [content] Syncing content
11:09:10 [content] Synced content
11:09:10 [types] Generated 1.49s
11:09:10 [build] output: "static"
11:09:10 [build] mode: "static"
11:09:10 [build] directory: /Users/tharvey/Work/CloudCannon/toothbar/dist/
11:09:10 [build] Collecting build info...
11:09:10 [build] ✓ Completed in 1.54s.
11:09:10 [build] Building static entrypoints...
11:09:17 [astro-icon] Loaded icons from /Users/tharvey/Work/CloudCannon/toothbar/src/icons
11:09:21 [WARN] [vite] [esbuild css minify]
▲ [WARNING] "max-wdith" is not a known CSS property [unsupported-css-property]

    <stdin>:7658:8:
      7658 │         max-wdith: 1200px;
           │         ~~~~~~~~~
           ╵         max-width

  Did you mean "max-width" instead?


11:09:21 [vite] ✓ built in 11.30s
11:09:21 [build] ✓ Completed in 11.36s.

 building client (vite) 
11:09:21 [vite] transforming...
11:09:27 [astro-icon] Loaded icons from /Users/tharvey/Work/CloudCannon/toothbar/src/icons
11:09:30 [vite] ✓ 854 modules transformed.
11:09:30 [vite] rendering chunks...
11:09:30 [WARN] [vite] [esbuild css minify]
▲ [WARNING] "max-wdith" is not a known CSS property [unsupported-css-property]

    <stdin>:7871:8:
      7871 │         max-wdith: 1200px;
           │         ~~~~~~~~~
           ╵         max-width

  Did you mean "max-width" instead?


11:09:31 [vite] computing gzip size...
11:09:31 [vite] dist/_astro/website-hero.D4U7jVob.svg                                           0.84 kB │ gzip:   0.32 kB
11:09:31 [vite] dist/_astro/website-feature.DEna4FuL.svg                                        1.15 kB │ gzip:   0.49 kB
11:09:31 [vite] dist/_astro/website-documented.DRWTqUgf.svg                                     3.17 kB │ gzip:   0.77 kB
11:09:31 [vite] dist/_astro/website-split.-E1vECzt.svg                                          3.70 kB │ gzip:   0.59 kB
11:09:31 [vite] dist/_astro/logo.CYULZAsd.svg                                                   5.23 kB │ gzip:   2.44 kB
11:09:31 [vite] dist/_astro/profile.Dck5cZ4v.jpg                                               12.07 kB
11:09:31 [vite] dist/_astro/profile3.CFgrGJnX.jpg                                              12.36 kB
11:09:31 [vite] dist/_astro/profile4.hPOV2cWw.jpg                                              16.17 kB
11:09:31 [vite] dist/_astro/profile1.3Da2ia4z.jpg                                              16.20 kB
11:09:31 [vite] dist/_astro/profile5.OBHKIg-k.jpg                                              19.62 kB
11:09:31 [vite] dist/_astro/profile2.CPtbMybO.jpg                                              25.22 kB
11:09:31 [vite] dist/_astro/ppc-pediatric-footer-bg.B9K8WsKo.png                               35.83 kB
11:09:31 [vite] dist/_astro/sunset.DuRdBenu.jpg                                               107.58 kB
11:09:31 [vite] dist/_astro/sheep.3ubwki29.jpg                                                292.74 kB
11:09:31 [vite] dist/_astro/quiet-street.XSHPHwVz.jpg                                         361.95 kB
11:09:31 [vite] dist/_astro/castle.Cb20OytX.jpg                                               392.29 kB
11:09:31 [vite] dist/_astro/dunedin-cliff.txhlGVUZ.jpg                                        641.96 kB
11:09:31 [vite] dist/_astro/BaseLayout.astro_astro_type_script_index_0_lang.Rt1CgKUk.js         0.07 kB │ gzip:   0.09 kB
11:09:31 [vite] dist/_astro/BaseLayout.astro_astro_type_script_index_1_lang.Uil8op0u.js         1.16 kB │ gzip:   0.69 kB
11:09:31 [vite] dist/_astro/LibraryLayout.astro_astro_type_script_index_0_lang.CXkZ2eDX.js     17.06 kB │ gzip:   5.07 kB
11:09:31 [vite] dist/_astro/Carousel.astro_astro_type_script_index_0_lang.Cwd3VSdV.js          27.11 kB │ gzip:  10.34 kB
11:09:31 [vite] dist/_astro/live-editing.DD4tKO42.js                                        1,445.16 kB │ gzip: 378.68 kB
11:09:31 [WARN] [vite] 
(!) Some chunks are larger than 500 kB after minification. Consider:
- Using dynamic import() to code-split the application
- Use build.rollupOptions.output.manualChunks to improve chunking: https://rollupjs.org/configuration-options/#output-manualchunks
- Adjust chunk size limit for this warning via build.chunkSizeWarningLimit.
11:09:31 [vite] ✓ built in 9.58s

 generating static routes 
11:09:31 ▶ src/pages/[...slug].astro
11:09:31   ├─ /contact/index.html (+68ms) 
11:09:31   ├─ /crowns-and-bridges/index.html (+27ms) 
11:09:31   ├─ /dental-bonding/index.html (+28ms) 
11:09:31   ├─ /digital-imaging/index.html (+31ms) 
11:09:31   ├─ /cavities-fillings/index.html (+30ms) 
11:09:31   ├─ /dental-implants/index.html (+34ms) 
11:09:31   ├─ /dental-veneers/index.html (+26ms) 
11:09:31   ├─ /dr-andrea-bakke/index.html (+28ms) 
11:09:31   ├─ /dr-danielle-gibbons/index.html (+25ms) 
11:09:31   ├─ /express-dental-services/index.html (+29ms) 
11:09:31   ├─ /dr-kimberly-barclay/index.html (+25ms) 
11:09:31   ├─ /helpful-tips-documents/index.html (+36ms) 
11:09:31   ├─ /dr-lauren-jacobsen/index.html (+24ms) 
11:09:31   ├─ /dr-rachel-morren/index.html (+22ms) 
11:09:31   ├─ /invisalign/index.html (+26ms) 
11:09:31   ├─ /jaw-botox/index.html (+28ms) 
11:09:31   ├─ /new-patients/index.html (+34ms) 
11:09:31   ├─ /nitrous-sedation/index.html (+35ms) 
11:09:31   ├─ /index.html (+44ms) 
11:09:32   ├─ /sitemap/index.html (+40ms) 
11:09:32   ├─ /partial-dentures/index.html (+26ms) 
11:09:32   ├─ /privacy-policy/index.html (+30ms) 
11:09:32   ├─ /search/index.html (+35ms) 
11:09:32   ├─ /teeth-whitening/index.html (+23ms) 
11:09:32   ├─ /smile-makeover/index.html (+23ms) 
11:09:32   ├─ /who-we-are/index.html (+29ms) 
11:09:32   ├─ /teeth-cleaning/index.html (+68ms) 
11:09:32   └─ /tooth-extractions/index.html (+21ms) 
11:09:32 ▶ src/pages/blog/[...page].astro
11:09:32   ├─ /blog/index.html (+80ms) 
11:09:32   └─ /blog/2/index.html (+40ms) 
11:09:32 ▶ src/pages/blog/[...slug].astro
11:09:32   ├─ /blog/2025-10-29-why-our-components-stay-small/index.html (+40ms) 
11:09:32   ├─ /blog/2025-10-15-why-we-built-our-component-starter/index.html (+32ms) 
11:09:32   ├─ /blog/2025-10-22-keeping-performance-simple/index.html (+33ms) 
11:09:32   ├─ /blog/2025-12-03-building-for-the-long-term/index.html (+41ms) 
11:09:32   ├─ /blog/2025-12-10-accessibility-by-default/index.html (+31ms) 
11:09:32   ├─ /blog/2025-11-12-our-approach-to-css-just-enough/index.html (+31ms) 
11:09:32   ├─ /blog/2025-11-19-how-we-think-about-js-in-this-starter/index.html (+32ms) 
11:09:32   ├─ /blog/2025-12-17-developer-experience-that-actually-helps/index.html (+38ms) 
11:09:32   ├─ /blog/2025-12-24-content-first-design/index.html (+32ms) 
11:09:32   ├─ /blog/2025-11-26-launching-projects-faster-with-presets/index.html (+31ms) 
11:09:32   └─ /blog/2025-12-31-deployment-without-drama/index.html (+29ms) 
11:09:32 ▶ src/pages/component-library/[...slug].astro
11:09:32   ├─ /component-library/index.html (+32ms) 
11:09:32   └─ /component-library/getting-started/index.html (+23ms) 
11:09:32 ▶ src/pages/component-library/components/[...slug].astro
11:09:32   ├─ /component-library/components/navigation/bar/index.html (+361ms) 
11:09:33   ├─ /component-library/components/navigation/footer/index.html (+69ms) 
11:09:33   ├─ /component-library/components/navigation/side/index.html (+60ms) 
11:09:33   ├─ /component-library/components/navigation/mobile/index.html (+70ms) 
11:09:33   ├─ /component-library/components/navigation/main-nav/index.html (+55ms) 
11:09:33   ├─ /component-library/components/building-blocks/forms/choice-group/index.html (+85ms) 
11:09:33   ├─ /component-library/components/building-blocks/forms/date/index.html (+46ms) 
11:09:33   ├─ /component-library/components/building-blocks/forms/form/index.html (+41ms) 
11:09:33   ├─ /component-library/components/building-blocks/forms/file-upload/index.html (+43ms) 
11:09:33   ├─ /component-library/components/building-blocks/forms/hidden/index.html (+32ms) 
11:09:33   ├─ /component-library/components/building-blocks/forms/select/index.html (+48ms) 
11:09:33   ├─ /component-library/components/building-blocks/forms/input/index.html (+44ms) 
11:09:33   ├─ /component-library/components/building-blocks/forms/submit/index.html (+58ms) 
11:09:33   ├─ /component-library/components/building-blocks/forms/textarea/index.html (+37ms) 
11:09:33   ├─ /component-library/components/building-blocks/forms/segments/index.html (+79ms) 
11:09:34   ├─ /component-library/components/building-blocks/core-elements/divider/index.html (+59ms) 
11:09:34   ├─ /component-library/components/building-blocks/core-elements/counter/index.html (+48ms) 
11:09:34   ├─ /component-library/components/building-blocks/core-elements/definition-list/index.html (+65ms) 
11:09:34   ├─ /component-library/components/building-blocks/core-elements/button/index.html (+58ms) 
11:09:34   ├─ /component-library/components/building-blocks/core-elements/heading/index.html (+70ms) 
11:09:34   ├─ /component-library/components/building-blocks/core-elements/icon/index.html (+87ms) 
11:09:34   ├─ /component-library/components/building-blocks/core-elements/embed/index.html (+45ms) 
11:09:34   ├─ /component-library/components/building-blocks/core-elements/list/index.html (+228ms) 
11:09:34   ├─ /component-library/components/building-blocks/core-elements/pagination/index.html (+41ms) 
11:09:34   ├─ /component-library/components/building-blocks/core-elements/image/index.html (+317ms) 
11:09:35   ├─ /component-library/components/building-blocks/core-elements/simple-text/index.html (+60ms) 
11:09:35   ├─ /component-library/components/building-blocks/wrappers/accordion/index.html (+74ms) 
11:09:35   ├─ /component-library/components/building-blocks/core-elements/spacer/index.html (+50ms) 
11:09:35   ├─ /component-library/components/building-blocks/core-elements/testimonial/index.html (+52ms) 
11:09:35   ├─ /component-library/components/building-blocks/core-elements/text/index.html (+50ms) 
11:09:35   ├─ /component-library/components/building-blocks/core-elements/video/index.html (+40ms) 
11:09:35   ├─ /component-library/components/building-blocks/wrappers/content-selector/index.html (+97ms) 
11:09:35   ├─ /component-library/components/building-blocks/wrappers/button-group/index.html (+75ms) 
11:09:35   ├─ /component-library/components/building-blocks/wrappers/card/index.html (+215ms) 
11:09:35   ├─ /component-library/components/building-blocks/wrappers/carousel/index.html (+91ms) 
11:09:35   ├─ /component-library/components/building-blocks/wrappers/split/index.html (+184ms) 
11:09:36   ├─ /component-library/components/page-sections/ctas/cta-split/index.html (+40ms) 
11:09:36   ├─ /component-library/components/page-sections/ctas/cta-form/index.html (+38ms) 
11:09:36   ├─ /component-library/components/page-sections/builders/custom-section/index.html (+168ms) 
11:09:36   ├─ /component-library/components/building-blocks/wrappers/grid/index.html (+235ms) 
11:09:36   ├─ /component-library/components/page-sections/heroes/hero-center/index.html (+37ms) 
11:09:36   ├─ /component-library/components/page-sections/ctas/cta-center/index.html (+36ms) 
11:09:36   ├─ /component-library/components/page-sections/heroes/hero-split/index.html (+41ms) 
11:09:36   ├─ /component-library/components/page-sections/features/feature-grid/index.html (+50ms) 
11:09:36   ├─ /component-library/components/page-sections/features/feature-split/index.html (+37ms) 
11:09:36   ├─ /component-library/components/page-sections/people/team-grid/index.html (+67ms) 
11:09:36   ├─ /component-library/components/page-sections/people/testimonial-section/index.html (+33ms) 
11:09:36   └─ /component-library/components/page-sections/info-blocks/faq-section/index.html (+42ms) 
11:09:36 ▶ src/pages/landing/[...slug].astro
11:09:36   ├─ /landing/cosmetic-test/index.html (+653ms) 
11:09:37   ├─ /landing/ai-answers-test/index.html (+647ms) 
11:09:38   ├─ /landing/dental-implants-test/index.html (+270ms) 
11:09:38   ├─ /landing/count-on-us-test/index.html (+639ms) 
11:09:39   ├─ /landing/np-em-test/index.htmlImages array:  []
 (+697ms) 
11:09:39   ├─ /landing/np-split/index.html (+58ms) 
11:09:39   ├─ /landing/invisalign-test/index.html (+651ms) 
11:09:40   ├─ /landing/np-em-form/index.html (+21ms) 
11:09:40   ├─ /landing/np-three-callouts-test/index.html (+106ms) 
11:09:40   ├─ /landing/pediatric-superhero-test/index.html (+935ms) 
11:09:41   └─ /landing/pediatric-waves-test/index.html (+666ms) 
11:09:42 ▶ src/pages/lp-showcase.astro
11:09:42   └─ /lp-showcase/index.html (+24ms) 
11:09:42 ▶ src/pages/pep/[...slug].astro
11:09:42   ├─ /pep/pep-test-2/index.html (+20ms) 
11:09:42   └─ /pep/pep-test/index.html (+787ms) 
11:09:43 ▶ src/pages/why-1-animation-demo.astro
11:09:43   └─ /why-1-animation-demo/index.html (+1ms) 
11:09:43 ✓ Completed in 11.82s.

 generating optimized images 
11:09:48   ▶ /_astro/logo.CYULZAsd_Z1byOPk.svg (before: 5kB, after: 5kB) (+5.81s) (1/546)
11:09:48   ▶ /_astro/profile3.CFgrGJnX_1kzwVP.avif (before: 12kB, after: 4kB) (+5.82s) (2/546)
11:09:48   ▶ /_astro/profile4.hPOV2cWw_l6QK7.avif (before: 15kB, after: 4kB) (+5.82s) (3/546)
11:09:48   ▶ /_astro/profile5.OBHKIg-k_4oegp.avif (before: 19kB, after: 7kB) (+5.82s) (4/546)
11:09:48   ▶ /_astro/sunset.DuRdBenu_ZjP8j7.avif (before: 105kB, after: 31kB) (+5.82s) (5/546)
11:09:48   ▶ /_astro/profile.Dck5cZ4v_Z1lTeUt.avif (before: 11kB, after: 5kB) (+5.82s) (6/546)
11:09:48   ▶ /_astro/profile2.CPtbMybO_aRxoa.avif (before: 24kB, after: 10kB) (+5.82s) (7/546)
11:09:48   ▶ /_astro/castle.Cb20OytX_ZrHGA.avif (before: 383kB, after: 169kB) (+5.82s) (8/546)
11:09:48   ▶ /_astro/768_Z1M0TYP.avif (before: 107kB, after: 32kB) (+5.82s) (9/546)
11:09:49   ▶ /_astro/profile3.CFgrGJnX_1yG1rW.jpg (before: 12kB, after: 12kB) (+576ms) (10/546)
11:09:49   ▶ /_astro/profile4.hPOV2cWw_zdlge.jpg (before: 15kB, after: 16kB) (+576ms) (11/546)
11:09:49   ▶ /_astro/profile5.OBHKIg-k_iuHLw.jpg (before: 19kB, after: 19kB) (+576ms) (12/546)
11:09:49   ▶ /_astro/sunset.DuRdBenu_Z1fnEuE.avif (before: 105kB, after: 2kB) (+576ms) (13/546)
11:09:49   ▶ /_astro/profile.Dck5cZ4v_1UFle8.jpg (before: 11kB, after: 13kB) (+576ms) (14/546)
11:09:49   ▶ /_astro/profile2.CPtbMybO_oY1Th.jpg (before: 24kB, after: 25kB) (+576ms) (15/546)
11:09:49   ▶ /_astro/quiet-street.XSHPHwVz_By7wH.avif (before: 353kB, after: 191kB) (+6.39s) (16/546)
11:09:49   ▶ /_astro/sheep.3ubwki29_1Seaxu.avif (before: 285kB, after: 111kB) (+6.39s) (17/546)
11:09:49   ▶ /_astro/768_Z2fbvTP.avif (before: 107kB, after: 13kB) (+576ms) (18/546)
11:09:50   ▶ /_astro/castle.Cb20OytX_1FIB8Y.avif (before: 383kB, after: 9kB) (+1.95s) (19/546)
11:09:50   ▶ /_astro/profile1.3Da2ia4z_27MMSO.avif (before: 15kB, after: 6kB) (+1.95s) (20/546)
11:09:50   ▶ /_astro/profile3.CFgrGJnX_21vpo9.avif (before: 12kB, after: 4kB) (+1.37s) (21/546)
11:09:50   ▶ /_astro/profile4.hPOV2cWw_122Jcq.avif (before: 15kB, after: 4kB) (+1.37s) (22/546)
11:09:50   ▶ /_astro/profile5.OBHKIg-k_Kk6HI.avif (before: 19kB, after: 7kB) (+1.37s) (23/546)
11:09:50   ▶ /_astro/sunset.DuRdBenu_Z17vO2Q.avif (before: 105kB, after: 5kB) (+1.37s) (24/546)
11:09:50   ▶ /_astro/profile.Dck5cZ4v_Z1uAuT.avif (before: 11kB, after: 5kB) (+1.37s) (25/546)
11:09:50   ▶ /_astro/profile2.CPtbMybO_QNpPt.avif (before: 24kB, after: 10kB) (+1.37s) (26/546)
11:09:50   ▶ /_astro/sheep.3ubwki29_Z2kIwIt.avif (before: 285kB, after: 5kB) (+1.37s) (27/546)
11:09:51   ▶ /_astro/quiet-street.XSHPHwVz_Z1GgCOv.avif (before: 353kB, after: 15kB) (+2.02s) (28/546)
11:09:51   ▶ /_astro/profile1.3Da2ia4z_ZVaGOl.jpg (before: 15kB, after: 16kB) (+645ms) (29/546)
11:09:51   ▶ /_astro/profile3.CFgrGJnX_Z12s5k1.jpg (before: 12kB, after: 12kB) (+645ms) (30/546)
11:09:51   ▶ /_astro/profile4.hPOV2cWw_Z21UKvJ.jpg (before: 15kB, after: 16kB) (+645ms) (31/546)
11:09:51   ▶ /_astro/profile5.OBHKIg-k_Z2iDo0r.jpg (before: 19kB, after: 19kB) (+645ms) (32/546)
11:09:51   ▶ /_astro/768_21piyC.avif (before: 107kB, after: 23kB) (+2.02s) (33/546)
11:09:51   ▶ /_astro/profile.Dck5cZ4v_Z1qzDLb.jpg (before: 11kB, after: 13kB) (+645ms) (34/546)
11:09:51   ▶ /_astro/profile2.CPtbMybO_Z2ca4RG.jpg (before: 24kB, after: 25kB) (+645ms) (35/546)
11:09:51   ▶ /_astro/sheep.3ubwki29_Z1rrYoi.avif (before: 285kB, after: 11kB) (+645ms) (36/546)
11:09:53   ▶ /_astro/castle.Cb20OytX_1NArAM.avif (before: 383kB, after: 19kB) (+2.48s) (37/546)
11:09:53   ▶ /_astro/sunset.DuRdBenu_Z1Axtt.avif (before: 105kB, after: 10kB) (+2.48s) (38/546)
11:09:53   ▶ /_astro/quiet-street.XSHPHwVz_28xlVD.avif (before: 353kB, after: 31kB) (+2.12s) (39/546)
11:09:53   ▶ /_astro/768_1yopLc.avif (before: 107kB, after: 47kB) (+2.12s) (40/546)
11:09:53   ▶ /_astro/600x700_1Hbgc.avif (before: 2kB, after: 1kB) (+2.29s) (41/546)
11:09:53   ▶ /_astro/700x600_2t8O2s.avif (before: 3kB, after: 1kB) (+2.29s) (42/546)
11:09:53   ▶ /_astro/254x254_Z1lwCzf.avif (before: 2kB, after: 1kB) (+2.29s) (43/546)
11:09:53   ▶ /_astro/sheep.3ubwki29_1gM4rA.avif (before: 285kB, after: 20kB) (+2.29s) (44/546)
11:09:53   ▶ /_astro/680x666_1GUYMR.avif (before: 4kB, after: 1kB) (+2.32s) (45/546)
11:09:56   ▶ /_astro/580x420_Z1LcINa.avif (before: 3kB, after: 1kB) (+4.70s) (46/546)
11:09:56   ▶ /_astro/255x300_1Upbu4.avif (before: 3kB, after: 1kB) (+4.73s) (47/546)
11:09:56   ▶ /_astro/dunedin-cliff.txhlGVUZ_27WTFk.avif (before: 626kB, after: 160kB) (+13.14s) (48/546)
11:09:56   ▶ /_astro/castle.Cb20OytX_Z2aFpDL.avif (before: 383kB, after: 33kB) (+2.90s) (49/546)
11:09:56   ▶ /_astro/sunset.DuRdBenu_1lkD6H.avif (before: 105kB, after: 21kB) (+2.92s) (50/546)
11:09:56   ▶ /_astro/700x600_Z2p8tu6.png (before: 3kB, after: 19kB) (+2.47s) (51/546)
11:09:56   ▶ /_astro/600x700_YA1Ag.avif (before: 2kB, after: 1kB) (+2.47s) (52/546)
11:09:56   ▶ /_astro/254x254_ZnDMfb.avif (before: 2kB, after: 1kB) (+2.50s) (53/546)
11:09:56   ▶ /_astro/768_ZQ3Cwn.avif (before: 107kB, after: 60kB) (+2.67s) (54/546)
11:09:56   ▶ /_astro/580x420_Z1zhSvM.png (before: 3kB, after: 17kB) (+572ms) (55/546)
11:09:56   ▶ /_astro/255x300_27k1Lr.png (before: 3kB, after: 24kB) (+666ms) (56/546)
11:09:57   ▶ /_astro/680x666_Z2pniG0.avif (before: 4kB, after: 1kB) (+3.38s) (57/546)
11:09:57   ▶ /_astro/quiet-street.XSHPHwVz_1SLzFJ.avif (before: 353kB, after: 52kB) (+3.59s) (58/546)
11:09:57   ▶ /_astro/600x700_SjJzr.avif (before: 2kB, after: 1kB) (+945ms) (59/546)
11:09:57   ▶ /_astro/sunset.DuRdBenu_Z1AYs6C.jpg (before: 105kB, after: 108kB) (+947ms) (60/546)
11:09:57   ▶ /_astro/dunedin-cliff.txhlGVUZ_Z1o8SSr.avif (before: 626kB, after: 19kB) (+976ms) (61/546)
11:09:57   ▶ /_astro/254x254_ZtU4g0.avif (before: 2kB, after: 1kB) (+1.34s) (62/546)
11:09:58   ▶ /_astro/768_Z2dEjw4.png (before: 107kB, after: 1053kB) (+2.25s) (63/546)
11:09:59   ▶ /_astro/180x180_1INdJ6.avif (before: 2kB, after: 1kB) (+3.08s) (64/546)
11:09:59   ▶ /_astro/680x666_Z2vDzGO.avif (before: 4kB, after: 1kB) (+2.14s) (65/546)
11:09:59   ▶ /_astro/738x600_Zrr6A2.avif (before: 3kB, after: 1kB) (+2.62s) (66/546)
11:09:59   ▶ /_astro/600x700_Z1vLSdB.avif (before: 2kB, after: 1kB) (+2.19s) (67/546)
11:09:59   ▶ /_astro/sunset.DuRdBenu_KOXA7.jpg (before: 105kB, after: 10kB) (+2.20s) (68/546)
11:09:59   ▶ /_astro/dunedin-cliff.txhlGVUZ_Z1xQHst.avif (before: 626kB, after: 38kB) (+2.20s) (69/546)
11:09:59   ▶ /_astro/castle.Cb20OytX_PruvH.avif (before: 383kB, after: 70kB) (+3.44s) (70/546)
11:09:59   ▶ /_astro/sheep.3ubwki29_Z1cC4Gj.avif (before: 285kB, after: 48kB) (+5.88s) (71/546)
11:09:59   ▶ /_astro/768_2omdmR.png (before: 107kB, after: 288kB) (+1.40s) (72/546)
11:10:01   ▶ /_astro/180x180_1UI41t.png (before: 2kB, after: 21kB) (+1.71s) (73/546)
11:10:01   ▶ /_astro/420x480_ZNjbrU.avif (before: 3kB, after: 1kB) (+4.16s) (74/546)
11:10:02   ▶ /_astro/738x600_vqIJ2.avif (before: 3kB, after: 1kB) (+2.73s) (75/546)
11:10:02   ▶ /_astro/254x254_1qt505.avif (before: 2kB, after: 2kB) (+4.49s) (76/546)
11:10:02   ▶ /_astro/sunset.DuRdBenu_SGO2U.jpg (before: 105kB, after: 21kB) (+2.72s) (77/546)
11:10:02   ▶ /_astro/680x666_ZpK9N7.avif (before: 4kB, after: 2kB) (+2.91s) (78/546)
11:10:02   ▶ /_astro/600x700_Z1LgHYn.avif (before: 2kB, after: 2kB) (+3.07s) (79/546)
11:10:02   ▶ /_astro/dunedin-cliff.txhlGVUZ_ZTLNBF.avif (before: 626kB, after: 62kB) (+3.06s) (80/546)
11:10:03   ▶ /_astro/768_1zKT2o.png (before: 107kB, after: 619kB) (+3.65s) (81/546)
11:10:03   ▶ /_astro/420x480_9yDR9.avif (before: 3kB, after: 1kB) (+2.88s) (82/546)
11:10:03   ▶ /_astro/738x600_parId.avif (before: 3kB, after: 1kB) (+1.84s) (83/546)
11:10:03   ▶ /_astro/quiet-street.XSHPHwVz_266ki3.avif (before: 353kB, after: 103kB) (+6.76s) (84/546)
11:10:04   ▶ /_astro/254x254_1aYfej.avif (before: 2kB, after: 2kB) (+2.08s) (85/546)
11:10:04   ▶ /_astro/sunset.DuRdBenu_1YC5Bi.jpg (before: 105kB, after: 37kB) (+2.08s) (86/546)
11:10:04   ▶ /_astro/680x666_ZFeYyS.avif (before: 4kB, after: 2kB) (+1.94s) (87/546)
11:10:04   ▶ /_astro/castle.Cb20OytX_Z1AIJ4W.avif (before: 383kB, after: 125kB) (+4.82s) (88/546)
11:10:04   ▶ /_astro/600x700_dC1xz.png (before: 2kB, after: 24kB) (+2.03s) (89/546)
11:10:04   ▶ /_astro/600x400_2b5WvL.avif (before: 2kB, after: 1kB) (+3.75s) (90/546)
11:10:05   ▶ /_astro/420x480_3imQk.avif (before: 3kB, after: 1kB) (+1.14s) (91/546)
11:10:05   ▶ /_astro/738x600_Z14TwiU.avif (before: 3kB, after: 2kB) (+1.13s) (92/546)
11:10:05   ▶ /_astro/254x254_Z19BMhR.png (before: 2kB, after: 20kB) (+895ms) (93/546)
11:10:05   ▶ /_astro/680x666_1SPP5f.png (before: 4kB, after: 22kB) (+895ms) (94/546)
11:10:05   ▶ /_astro/sunset.DuRdBenu_Z28jmAy.jpg (before: 105kB, after: 79kB) (+1.28s) (95/546)
11:10:05   ▶ /_astro/castle.Cb20OytX_Z1hB2u6.jpg (before: 383kB, after: 401kB) (+991ms) (96/546)
11:10:05   ▶ /_astro/600x700_1buQRD.png (before: 2kB, after: 8kB) (+990ms) (97/546)
11:10:06   ▶ /_astro/768_Z1NdJX3.png (before: 107kB, after: 2140kB) (+2.43s) (98/546)
11:10:06   ▶ /_astro/600x400_2n0MN9.png (before: 2kB, after: 16kB) (+1.24s) (99/546)
11:10:06   ▶ /_astro/sheep.3ubwki29_ZYs1ri.avif (before: 285kB, after: 82kB) (+7.12s) (100/546)
11:10:07   ▶ /_astro/420x480_Z21tHxu.avif (before: 3kB, after: 2kB) (+2.06s) (101/546)
11:10:07   ▶ /_astro/254x254_ZbIVWN.png (before: 2kB, after: 7kB) (+2.04s) (102/546)
11:10:07   ▶ /_astro/680x666_Z2dssoC.png (before: 4kB, after: 7kB) (+2.04s) (103/546)
11:10:07   ▶ /_astro/738x600_Z1kom4G.avif (before: 3kB, after: 2kB) (+2.18s) (104/546)
11:10:07   ▶ /_astro/600x700_15ezQO.png (before: 2kB, after: 15kB) (+1.79s) (105/546)
11:10:07   ▶ /_astro/castle.Cb20OytX_Z1neSzb.jpg (before: 383kB, after: 22kB) (+2.16s) (106/546)
11:10:07   ▶ /_astro/sunset.DuRdBenu_Z6NOVc.avif (before: 105kB, after: 19kB) (+2.28s) (107/546)
11:10:07   ▶ /_astro/sheep.3ubwki29_Z1ApP9L.jpg (before: 285kB, after: 297kB) (+978ms) (108/546)
11:10:07   ▶ /_astro/200x200_1Lk6JN.avif (before: 3kB, after: 1kB) (+1.84s) (109/546)
11:10:07   ▶ /_astro/254x254_Zi0dXC.png (before: 2kB, after: 13kB) (+749ms) (110/546)
11:10:07   ▶ /_astro/680x666_Z2jIJpr.png (before: 4kB, after: 14kB) (+748ms) (111/546)
11:10:08   ▶ /_astro/738x600_ZfwgiE.png (before: 3kB, after: 19kB) (+754ms) (112/546)
11:10:08   ▶ /_astro/600x700_ZxAXcQ.png (before: 2kB, after: 46kB) (+754ms) (113/546)
11:10:08   ▶ /_astro/castle.Cb20OytX_Z1fn37n.jpg (before: 383kB, after: 50kB) (+573ms) (114/546)
11:10:08   ▶ /_astro/768_Qvkxj.png (before: 107kB, after: 3536kB) (+2.24s) (115/546)
11:10:08   ▶ /_astro/sunset.DuRdBenu_Z2mAIu0.avif (before: 105kB, after: 2kB) (+584ms) (116/546)
11:10:08   ▶ /_astro/200x200_1XeW2b.png (before: 3kB, after: 21kB) (+472ms) (117/546)
11:10:08   ▶ /_astro/sheep.3ubwki29_1knxOb.jpg (before: 285kB, after: 15kB) (+584ms) (118/546)
11:10:08   ▶ /_astro/254x254_2oE00P.png (before: 2kB, after: 40kB) (+579ms) (119/546)
11:10:08   ▶ /_astro/680x666_xpKcD.png (before: 4kB, after: 41kB) (+580ms) (120/546)
11:10:08   ▶ /_astro/738x600_Hlz1p.png (before: 3kB, after: 6kB) (+438ms) (121/546)
11:10:08   ▶ /_astro/600x700_ZN5MXC.png (before: 2kB, after: 76kB) (+439ms) (122/546)
11:10:08   ▶ /_astro/420x480_Z2gXxjg.avif (before: 3kB, after: 2kB) (+1.81s) (123/546)
11:10:09   ▶ /_astro/castle.Cb20OytX_Z9rLy0.jpg (before: 383kB, after: 89kB) (+792ms) (124/546)
11:10:09   ▶ /_astro/sunset.DuRdBenu_YLy0S.avif (before: 105kB, after: 4kB) (+663ms) (125/546)
11:10:09   ▶ /_astro/400x400_26BCFU.avif (before: 2kB, after: 1kB) (+751ms) (126/546)
11:10:09   ▶ /_astro/254x254_29aaf4.png (before: 2kB, after: 63kB) (+556ms) (127/546)
11:10:09   ▶ /_astro/680x666_hUUqR.png (before: 4kB, after: 66kB) (+557ms) (128/546)
11:10:09   ▶ /_astro/738x600_B5i0A.png (before: 3kB, after: 12kB) (+587ms) (129/546)
11:10:09   ▶ /_astro/dunedin-cliff.txhlGVUZ_1zn03f.avif (before: 626kB, after: 118kB) (+6.78s) (130/546)
11:10:09   ▶ /_astro/sheep.3ubwki29_2dE69m.jpg (before: 285kB, after: 35kB) (+944ms) (131/546)
11:10:09   ▶ /_astro/420x480_ZBolax.png (before: 3kB, after: 23kB) (+414ms) (132/546)
11:10:09   ▶ /_astro/400x400_Z20GEMW.avif (before: 2kB, after: 1kB) (+699ms) (133/546)
11:10:09   ▶ /_astro/1440x700_y1sXA.avif (before: 2kB, after: 1kB) (+1.25s) (134/546)
11:10:09   ▶ /_astro/575x400_ZcTzRU.avif (before: 2kB, after: 1kB) (+1.36s) (135/546)
11:10:09   ▶ /_astro/738x600_Z6IBia.png (before: 3kB, after: 35kB) (+673ms) (136/546)
11:10:09   ▶ /_astro/castle.Cb20OytX_2qYCCn.jpg (before: 383kB, after: 200kB) (+720ms) (137/546)
11:10:09   ▶ /_astro/sunset.DuRdBenu_Zq39Vs.avif (before: 105kB, after: 6kB) (+848ms) (138/546)
11:10:09   ▶ /_astro/800x600_2vntrS.avif (before: 3kB, after: 1kB) (+846ms) (139/546)
11:10:09   ▶ /_astro/dunedin-cliff.txhlGVUZ_Z1GFMFT.jpg (before: 626kB, after: 315kB) (+614ms) (140/546)
11:10:09   ▶ /_astro/550x430_KUEuv.avif (before: 3kB, after: 1kB) (+906ms) (141/546)
11:10:09   ▶ /_astro/420x480_ltu9w.png (before: 3kB, after: 8kB) (+637ms) (142/546)
11:10:09   ▶ /_astro/sheep.3ubwki29_Z8hXNG.jpg (before: 285kB, after: 63kB) (+697ms) (143/546)
11:10:10   ▶ /_astro/1440x700_Z13TH8G.avif (before: 2kB, after: 1kB) (+336ms) (144/546)
11:10:10   ▶ /_astro/738x600_Zmdr3V.png (before: 3kB, after: 57kB) (+397ms) (145/546)
11:10:10   ▶ /_astro/575x400_JXfr9.avif (before: 2kB, after: 1kB) (+439ms) (146/546)
11:10:10   ▶ /_astro/400x400_Z26WVNL.avif (before: 2kB, after: 1kB) (+592ms) (147/546)
11:10:10   ▶ /_astro/quiet-street.XSHPHwVz_ZuOjIU.avif (before: 353kB, after: 160kB) (+6.35s) (148/546)
11:10:10   ▶ /_astro/800x600_Z1AUO1Y.avif (before: 3kB, after: 1kB) (+445ms) (149/546)
11:10:10   ▶ /_astro/castle.Cb20OytX_2cj4Vt.jpg (before: 383kB, after: 347kB) (+575ms) (150/546)
11:10:10   ▶ /_astro/dunedin-cliff.txhlGVUZ_1oFYVC.jpg (before: 626kB, after: 31kB) (+451ms) (151/546)
11:10:10   ▶ /_astro/420x480_fdd8H.png (before: 3kB, after: 15kB) (+536ms) (152/546)
11:10:10   ▶ /_astro/sheep.3ubwki29_NAyos.jpg (before: 285kB, after: 147kB) (+644ms) (153/546)
11:10:10   ▶ /_astro/550x430_1INuOz.avif (before: 3kB, after: 1kB) (+889ms) (154/546)
11:10:10   ▶ /_astro/1440x700_Z1bwzrh.avif (before: 2kB, after: 1kB) (+818ms) (155/546)
11:10:10   ▶ /_astro/575x400_DGXqk.avif (before: 2kB, after: 1kB) (+713ms) (156/546)
11:10:10   ▶ /_astro/sunset.DuRdBenu_1rRzW.avif (before: 105kB, after: 13kB) (+1.10s) (157/546)
11:10:10   ▶ /_astro/800x600_Z1Hc62N.avif (before: 3kB, after: 1kB) (+659ms) (158/546)
11:10:10   ▶ /_astro/500x600_2oEucB.avif (before: 3kB, after: 1kB) (+850ms) (159/546)
11:10:11   ▶ /_astro/quiet-street.XSHPHwVz_Y2wyQ.jpg (before: 353kB, after: 371kB) (+883ms) (160/546)
11:10:11   ▶ /_astro/420x480_Z13iMwJ.png (before: 3kB, after: 45kB) (+661ms) (161/546)
11:10:11   ▶ /_astro/dunedin-cliff.txhlGVUZ_1eXbmA.jpg (before: 626kB, after: 67kB) (+1.28s) (162/546)
11:10:11   ▶ /_astro/400x400_1W0j1x.avif (before: 2kB, after: 2kB) (+1.32s) (163/546)
11:10:11   ▶ /_astro/sheep.3ubwki29_B56En.jpg (before: 285kB, after: 258kB) (+1.14s) (164/546)
11:10:11   ▶ /_astro/550x430_1CxdNK.avif (before: 3kB, after: 1kB) (+962ms) (165/546)
11:10:11   ▶ /_astro/1440x700_Z1YGwmH.avif (before: 2kB, after: 2kB) (+952ms) (166/546)
11:10:11   ▶ /_astro/sunset.DuRdBenu_1tIiat.jpg (before: 105kB, after: 67kB) (+854ms) (167/546)
11:10:11   ▶ /_astro/500x600_Z2tBNjW.png (before: 3kB, after: 25kB) (+944ms) (168/546)
11:10:11   ▶ /_astro/420x480_Z1iMCiv.png (before: 3kB, after: 73kB) (+751ms) (169/546)
11:10:13   ▶ /_astro/quiet-street.XSHPHwVz_ZrHITi.jpg (before: 353kB, after: 25kB) (+2.09s) (170/546)
11:10:13   ▶ /_astro/575x400_1dpqLH.avif (before: 2kB, after: 2kB) (+2.45s) (171/546)
11:10:13   ▶ /_astro/800x600_ZHLNyh.avif (before: 3kB, after: 2kB) (+2.35s) (172/546)
11:10:13   ▶ /_astro/dunedin-cliff.txhlGVUZ_1S35do.jpg (before: 626kB, after: 111kB) (+2.00s) (173/546)
11:10:13   ▶ /_astro/550x430_17gnLj.avif (before: 3kB, after: 2kB) (+1.90s) (174/546)
11:10:13   ▶ /_astro/400x400_1GvtfL.avif (before: 2kB, after: 2kB) (+2.09s) (175/546)
11:10:13   ▶ /_astro/sunset.DuRdBenu_Zln5oe.jpg (before: 105kB, after: 6kB) (+1.97s) (176/546)
11:10:14   ▶ /_astro/460x330_FQuSJ.avif (before: 3kB, after: 1kB) (+2.42s) (177/546)
11:10:14   ▶ /_astro/1440x700_1kDlSY.avif (before: 2kB, after: 2kB) (+2.52s) (178/546)
11:10:14   ▶ /_astro/quiet-street.XSHPHwVz_Z1H5RW5.jpg (before: 353kB, after: 54kB) (+1.06s) (179/546)
11:10:14   ▶ /_astro/sheep.3ubwki29_Z1YfDcN.avif (before: 285kB, after: 30kB) (+2.71s) (180/546)
11:10:14   ▶ /_astro/900x760_1D10sR.avif (before: 3kB, after: 1kB) (+2.59s) (181/546)
11:10:14   ▶ /_astro/castle.Cb20OytX_Z169YaK.avif (before: 383kB, after: 169kB) (+4.22s) (182/546)
11:10:14   ▶ /_astro/dunedin-cliff.txhlGVUZ_1VQp5o.jpg (before: 626kB, after: 228kB) (+929ms) (183/546)
11:10:14   ▶ /_astro/400x400_2iwsXi.png (before: 2kB, after: 21kB) (+816ms) (184/546)
11:10:14   ▶ /_astro/sunset.DuRdBenu_Z24bVHh.jpg (before: 105kB, after: 13kB) (+836ms) (185/546)
11:10:14   ▶ /_astro/460x330_RLlb7.png (before: 3kB, after: 17kB) (+352ms) (186/546)
11:10:14   ▶ /_astro/1440x700_1wcnYl.png (before: 2kB, after: 12kB) (+434ms) (187/546)
11:10:14   ▶ /_astro/575x400_WUB0V.avif (before: 2kB, after: 2kB) (+1.46s) (188/546)
11:10:14   ▶ /_astro/800x600_ZXgDk3.avif (before: 3kB, after: 3kB) (+1.55s) (189/546)
11:10:14   ▶ /_astro/quiet-street.XSHPHwVz_Z1VQEcY.jpg (before: 353kB, after: 92kB) (+551ms) (190/546)
11:10:14   ▶ /_astro/400x400_Z1NLOvz.png (before: 2kB, after: 7kB) (+359ms) (191/546)
11:10:14   ▶ /_astro/sheep.3ubwki29_2dfcua.avif (before: 285kB, after: 1kB) (+401ms) (192/546)
11:10:14   ▶ /_astro/900x760_Z2tii10.avif (before: 3kB, after: 1kB) (+362ms) (193/546)
11:10:15   ▶ /_astro/sunset.DuRdBenu_1Aat9j.jpg (before: 105kB, after: 22kB) (+686ms) (194/546)
11:10:15   ▶ /_astro/1440x700_Z5IM7V.png (before: 2kB, after: 4kB) (+722ms) (195/546)
11:10:15   ▶ /_astro/575x400_ZYJAx.png (before: 2kB, after: 16kB) (+728ms) (196/546)
11:10:15   ▶ /_astro/castle.Cb20OytX_fF7h9.avif (before: 383kB, after: 9kB) (+971ms) (197/546)
11:10:15   ▶ /_astro/800x600_Z2mSO4F.png (before: 3kB, after: 18kB) (+634ms) (198/546)
11:10:15   ▶ /_astro/400x400_Z1U36wo.png (before: 2kB, after: 13kB) (+734ms) (199/546)
11:10:15   ▶ /_astro/550x430_QLy0x.avif (before: 3kB, after: 2kB) (+1.95s) (200/546)
11:10:15   ▶ /_astro/quiet-street.XSHPHwVz_ZbfTFO.jpg (before: 353kB, after: 197kB) (+737ms) (201/546)
11:10:15   ▶ /_astro/480x420_Z1NrodA.avif (before: 3kB, after: 1kB) (+942ms) (202/546)
11:10:15   ▶ /_astro/sunset.DuRdBenu_1C00GC.jpg (before: 105kB, after: 47kB) (+378ms) (203/546)
11:10:15   ▶ /_astro/1440x700_ZdlEqw.png (before: 2kB, after: 8kB) (+234ms) (204/546)
11:10:15   ▶ /_astro/900x760_2uCyM7.avif (before: 3kB, after: 1kB) (+960ms) (205/546)
11:10:15   ▶ /_astro/575x400_VS5Iw.png (before: 2kB, after: 6kB) (+352ms) (206/546)
11:10:15   ▶ /_astro/800x600_Z1p0XJB.png (before: 3kB, after: 6kB) (+351ms) (207/546)
11:10:15   ▶ /_astro/400x400_Z2a0TLD.png (before: 2kB, after: 41kB) (+369ms) (208/546)
11:10:15   ▶ /_astro/550x430_WPuLS.png (before: 3kB, after: 18kB) (+369ms) (209/546)
11:10:16   ▶ /_astro/sheep.3ubwki29_ZXcwPm.avif (before: 285kB, after: 3kB) (+1.51s) (210/546)
11:10:16   ▶ /_astro/480x420_ZPyxSw.avif (before: 3kB, after: 1kB) (+777ms) (211/546)
11:10:16   ▶ /_astro/1440x700_Z2qkUSV.png (before: 2kB, after: 24kB) (+794ms) (212/546)
11:10:16   ▶ /_astro/quiet-street.XSHPHwVz_Z8kTGL.jpg (before: 353kB, after: 327kB) (+895ms) (213/546)
11:10:16   ▶ /_astro/castle.Cb20OytX_2dXSGV.avif (before: 383kB, after: 19kB) (+1.23s) (214/546)
11:10:16   ▶ /_astro/575x400_PBNHH.png (before: 2kB, after: 10kB) (+877ms) (215/546)
11:10:16   ▶ /_astro/800x600_Z1vhfKq.png (before: 3kB, after: 12kB) (+878ms) (216/546)
11:10:16   ▶ /_astro/400x400_Z2puJxp.png (before: 2kB, after: 65kB) (+843ms) (217/546)
11:10:16   ▶ /_astro/550x430_1UIl6W.png (before: 3kB, after: 6kB) (+871ms) (218/546)
11:10:16   ▶ /_astro/900x760_Z2pcNX7.avif (before: 3kB, after: 2kB) (+1.02s) (219/546)
11:10:17   ▶ /_astro/dunedin-cliff.txhlGVUZ_1K9Vui.avif (before: 626kB, after: 78kB) (+2.69s) (220/546)
11:10:17   ▶ /_astro/1440x700_SYWmK.png (before: 2kB, after: 37kB) (+803ms) (221/546)
11:10:18   ▶ /_astro/480x420_ZVOOTl.avif (before: 3kB, after: 1kB) (+1.94s) (222/546)
11:10:18   ▶ /_astro/sheep.3ubwki29_Z2l8Eou.avif (before: 285kB, after: 5kB) (+2.14s) (223/546)
11:10:18   ▶ /_astro/575x400_2bAlMs.png (before: 2kB, after: 30kB) (+1.82s) (224/546)
11:10:18   ▶ /_astro/800x600_fo6rt.png (before: 3kB, after: 34kB) (+1.82s) (225/546)
11:10:18   ▶ /_astro/400x400_5k6jI.avif (before: 2kB, after: 0kB) (+1.71s) (226/546)
11:10:18   ▶ /_astro/550x430_1Os468.png (before: 3kB, after: 11kB) (+1.97s) (227/546)
11:10:18   ▶ /_astro/900x760_2puu53.avif (before: 3kB, after: 2kB) (+1.97s) (228/546)
11:10:19   ▶ /_astro/sunset.DuRdBenu_Z1vu8mo.avif (before: 105kB, after: 31kB) (+3.42s) (229/546)
11:10:19   ▶ /_astro/dunedin-cliff.txhlGVUZ_ZLpkL8.avif (before: 626kB, after: 9kB) (+2.01s) (230/546)
11:10:19   ▶ /_astro/575x400_1V6w1G.png (before: 2kB, after: 50kB) (+686ms) (231/546)
11:10:19   ▶ /_astro/castle.Cb20OytX_Z1nm4g2.avif (before: 383kB, after: 33kB) (+2.51s) (232/546)
11:10:19   ▶ /_astro/800x600_Z5Iji.png (before: 3kB, after: 55kB) (+686ms) (233/546)
11:10:19   ▶ /_astro/480x420_2uINsd.avif (before: 3kB, after: 2kB) (+1.02s) (234/546)
11:10:19   ▶ /_astro/400x400_heVB6.png (before: 2kB, after: 2kB) (+817ms) (235/546)
11:10:19   ▶ /_astro/550x430_25riM4.png (before: 3kB, after: 34kB) (+533ms) (236/546)
11:10:19   ▶ /_astro/900x760_1OUPKf.png (before: 3kB, after: 19kB) (+571ms) (237/546)
11:10:19   ▶ /_astro/80x80_YrOSx.avif (before: 2kB, after: 1kB) (+2.23s) (238/546)
11:10:20   ▶ /_astro/sunset.DuRdBenu_2oJYrr.avif (before: 105kB, after: 2kB) (+942ms) (239/546)
11:10:20   ▶ /_astro/quiet-street.XSHPHwVz_Z1GWECa.avif (before: 353kB, after: 102kB) (+3.98s) (240/546)
11:10:20   ▶ /_astro/sheep.3ubwki29_2lTnFi.avif (before: 285kB, after: 12kB) (+1.95s) (241/546)
11:10:20   ▶ /_astro/550x430_1OWt1i.png (before: 3kB, after: 55kB) (+1.13s) (242/546)
11:10:20   ▶ /_astro/900x760_Z2hnrIC.png (before: 3kB, after: 6kB) (+1.09s) (243/546)
11:10:20   ▶ /_astro/dunedin-cliff.txhlGVUZ_eSMVj.avif (before: 626kB, after: 19kB) (+1.27s) (244/546)
11:10:20   ▶ /_astro/280x280_ZD95cj.avif (before: 3kB, after: 1kB) (+1.32s) (245/546)
11:10:20   ▶ /_astro/1200x900_p2ULQ.avif (before: 3kB, after: 1kB) (+1.19s) (246/546)
11:10:20   ▶ /_astro/80x80_Z37lnh.png (before: 2kB, after: 22kB) (+1.31s) (247/546)
11:10:21   ▶ /_astro/800x700_6bv63.avif (before: 3kB, after: 1kB) (+1.90s) (248/546)
11:10:21   ▶ /_astro/480x420_2feXGr.avif (before: 3kB, after: 2kB) (+1.96s) (249/546)
11:10:21   ▶ /_astro/sunset.DuRdBenu_ZH8mVH.avif (before: 105kB, after: 5kB) (+1.27s) (250/546)
11:10:21   ▶ /_astro/900x760_Z2nDIJr.png (before: 3kB, after: 12kB) (+1.20s) (251/546)
11:10:21   ▶ /_astro/quiet-street.XSHPHwVz_Z204aJC.avif (before: 353kB, after: 9kB) (+1.28s) (252/546)
11:10:21   ▶ /_astro/280x280_ZreeTV.png (before: 3kB, after: 22kB) (+1.22s) (253/546)
11:10:21   ▶ /_astro/1200x900_Z1cSfkq.avif (before: 3kB, after: 1kB) (+1.22s) (254/546)
11:10:21   ▶ /_astro/220x80_20bets.avif (before: 3kB, after: 1kB) (+1.31s) (255/546)
11:10:21   ▶ /_astro/dunedin-cliff.txhlGVUZ_1khFoP.avif (before: 626kB, after: 30kB) (+1.38s) (256/546)
11:10:22   ▶ /_astro/900x780_28xhs0.avif (before: 3kB, after: 1kB) (+1.25s) (257/546)
11:10:22   ▶ /_astro/480x420_Z1BwxVd.png (before: 3kB, after: 19kB) (+822ms) (258/546)
11:10:22   ▶ /_astro/800x700_144lq7.avif (before: 3kB, after: 1kB) (+1.01s) (259/546)
11:10:22   ▶ /_astro/900x760_Z1r1SWm.png (before: 3kB, after: 35kB) (+446ms) (260/546)
11:10:22   ▶ /_astro/castle.Cb20OytX_Z2pSk3o.avif (before: 383kB, after: 70kB) (+3.31s) (261/546)
11:10:22   ▶ /_astro/sheep.3ubwki29_bjevt.avif (before: 285kB, after: 24kB) (+2.06s) (262/546)
11:10:22   ▶ /_astro/220x80_cumPE.png (before: 3kB, after: 12kB) (+750ms) (263/546)
11:10:23   ▶ /_astro/1200x900_Z1kv7D1.avif (before: 3kB, after: 1kB) (+1.23s) (264/546)
11:10:23   ▶ /_astro/1920x900_ORLqp.avif (before: 4kB, after: 1kB) (+1.23s) (265/546)
11:10:23   ▶ /_astro/900x780_Z1XL11R.avif (before: 3kB, after: 1kB) (+881ms) (266/546)
11:10:23   ▶ /_astro/480x420_ZDDHB9.png (before: 3kB, after: 6kB) (+1.03s) (267/546)
11:10:23   ▶ /_astro/800x700_WN4pi.avif (before: 3kB, after: 1kB) (+1.03s) (268/546)
11:10:23   ▶ /_astro/900x760_Z1GvII8.png (before: 3kB, after: 59kB) (+1.03s) (269/546)
11:10:23   ▶ /_astro/quiet-street.XSHPHwVz_Z1CtT73.avif (before: 353kB, after: 18kB) (+2.14s) (270/546)
11:10:24   ▶ /_astro/sheep.3ubwki29_1WYRX.jpg (before: 285kB, after: 120kB) (+1.47s) (271/546)
11:10:24   ▶ /_astro/sunset.DuRdBenu_KHMTg.avif (before: 105kB, after: 10kB) (+2.71s) (272/546)
11:10:24   ▶ /_astro/1920x900_ZM3oFR.avif (before: 4kB, after: 1kB) (+1.20s) (273/546)
11:10:24   ▶ /_astro/dunedin-cliff.txhlGVUZ_Z17h0ca.avif (before: 626kB, after: 57kB) (+2.33s) (274/546)
11:10:24   ▶ /_astro/900x780_Z252i2G.avif (before: 3kB, after: 1kB) (+1.20s) (275/546)
11:10:24   ▶ /_astro/480x420_ZJTYBX.png (before: 3kB, after: 12kB) (+1.59s) (276/546)
11:10:24   ▶ /_astro/1200x900_Z1sKfvD.avif (before: 3kB, after: 2kB) (+1.78s) (277/546)
11:10:25   ▶ /_astro/440x440_Z1DdwGB.avif (before: 1kB, after: 1kB) (+3.08s) (278/546)
11:10:25   ▶ /_astro/800x800_Z2j0sfM.avif (before: 4kB, after: 1kB) (+2.67s) (279/546)
11:10:25   ▶ /_astro/800x700_K7bBO.avif (before: 3kB, after: 2kB) (+2.67s) (280/546)
11:10:25   ▶ /_astro/sheep.3ubwki29_Na9dS.jpg (before: 285kB, after: 5kB) (+1.93s) (281/546)
11:10:25   ▶ /_astro/1920x900_ZTFgYs.avif (before: 4kB, after: 1kB) (+1.76s) (282/546)
11:10:25   ▶ /_astro/quiet-street.XSHPHwVz_Z27WttX.avif (before: 353kB, after: 30kB) (+2.05s) (283/546)
11:10:25   ▶ /_astro/dunedin-cliff.txhlGVUZ_27Dlwr.jpg (before: 626kB, after: 156kB) (+1.76s) (284/546)
11:10:26   ▶ /_astro/480x420_Z1BhpkX.png (before: 3kB, after: 36kB) (+1.38s) (285/546)
11:10:27   ▶ /_astro/900x780_Z29oBQQ.avif (before: 3kB, after: 2kB) (+2.90s) (286/546)
11:10:27   ▶ /_astro/440x440_ZJmJp3.avif (before: 1kB, after: 0kB) (+1.48s) (287/546)
11:10:27   ▶ /_astro/800x800_1VxYwK.avif (before: 4kB, after: 1kB) (+1.44s) (288/546)
11:10:27   ▶ /_astro/1200x900_1QzCK3.avif (before: 3kB, after: 2kB) (+2.51s) (289/546)
11:10:27   ▶ /_astro/sunset.DuRdBenu_Z1U0bso.avif (before: 105kB, after: 21kB) (+3.25s) (290/546)
11:10:27   ▶ /_astro/800x700_uClQ3.avif (before: 3kB, after: 2kB) (+1.44s) (291/546)
11:10:27   ▶ /_astro/castle.Cb20OytX_1xWmIy.avif (before: 383kB, after: 125kB) (+4.75s) (292/546)
11:10:27   ▶ /_astro/dunedin-cliff.txhlGVUZ_21py3V.jpg (before: 626kB, after: 15kB) (+1.67s) (293/546)
11:10:27   ▶ /_astro/sheep.3ubwki29_Z2nhA6D.jpg (before: 285kB, after: 13kB) (+1.67s) (294/546)
11:10:27   ▶ /_astro/480x420_Z1QLf6J.png (before: 3kB, after: 59kB) (+1.54s) (295/546)
11:10:27   ▶ /_astro/440x440_24uidS.avif (before: 1kB, after: 1kB) (+778ms) (296/546)
11:10:28   ▶ /_astro/1920x900_1tFGVL.avif (before: 4kB, after: 2kB) (+2.13s) (297/546)
11:10:28   ▶ /_astro/1200x900_1ndPMB.png (before: 3kB, after: 17kB) (+802ms) (298/546)
11:10:28   ▶ /_astro/800x700_i6lnq.png (before: 3kB, after: 20kB) (+801ms) (299/546)
11:10:28   ▶ /_astro/sunset.DuRdBenu_235xBH.jpg (before: 105kB, after: 108kB) (+804ms) (300/546)
11:10:28   ▶ /_astro/castle.Cb20OytX_2spGNl.jpg (before: 383kB, after: 401kB) (+825ms) (301/546)
11:10:29   ▶ /_astro/dunedin-cliff.txhlGVUZ_Z22sr2y.jpg (before: 626kB, after: 32kB) (+1.51s) (302/546)
11:10:29   ▶ /_astro/sheep.3ubwki29_1jXq9a.jpg (before: 285kB, after: 24kB) (+1.51s) (303/546)
11:10:29   ▶ /_astro/440x440_Z1riGpe.png (before: 1kB, after: 19kB) (+1.26s) (304/546)
11:10:29   ▶ /_astro/800x800_2sFqLV.avif (before: 4kB, after: 1kB) (+1.87s) (305/546)
11:10:29   ▶ /_astro/200x110_23l2jf.avif (before: 1kB, after: 1kB) (+1.47s) (306/546)
11:10:29   ▶ /_astro/quiet-street.XSHPHwVz_Z7hKn4.avif (before: 353kB, after: 56kB) (+3.19s) (307/546)
11:10:29   ▶ /_astro/1920x900_ZgaxAt.avif (before: 4kB, after: 2kB) (+1.06s) (308/546)
11:10:29   ▶ /_astro/900x780_Z2oSrCC.avif (before: 3kB, after: 2kB) (+2.05s) (309/546)
11:10:29   ▶ /_astro/1200x900_ZeHkjF.png (before: 3kB, after: 6kB) (+1.10s) (310/546)
11:10:29   ▶ /_astro/800x700_1fYbHu.png (before: 3kB, after: 7kB) (+1.19s) (311/546)
11:10:29   ▶ /_astro/sunset.DuRdBenu_Z2rkEQn.jpg (before: 105kB, after: 10kB) (+1.19s) (312/546)
11:10:29   ▶ /_astro/440x440_ZxrT7F.png (before: 1kB, after: 2kB) (+135ms) (313/546)
11:10:29   ▶ /_astro/castle.Cb20OytX_tLAMg.jpg (before: 383kB, after: 22kB) (+1.17s) (314/546)
11:10:29   ▶ /_astro/800x800_Z275BXp.png (before: 4kB, after: 22kB) (+132ms) (315/546)
11:10:29   ▶ /_astro/sheep.3ubwki29_ZH472R.jpg (before: 285kB, after: 56kB) (+138ms) (316/546)
11:10:29   ▶ /_astro/1920x900_1N3Gra.png (before: 4kB, after: 13kB) (+132ms) (317/546)
11:10:29   ▶ /_astro/dunedin-cliff.txhlGVUZ_ZW4yz2.jpg (before: 626kB, after: 54kB) (+140ms) (318/546)
11:10:29   ▶ /_astro/1200x900_ZmkcCg.png (before: 3kB, after: 11kB) (+93ms) (319/546)
11:10:29   ▶ /_astro/900x780_2ks7Jn.png (before: 3kB, after: 19kB) (+169ms) (320/546)
11:10:29   ▶ /_astro/800x700_19HTGF.png (before: 3kB, after: 12kB) (+177ms) (321/546)
11:10:29   ▶ /_astro/200x110_Z1lDqzS.avif (before: 1kB, after: 0kB) (+320ms) (322/546)
11:10:29   ▶ /_astro/440x440_2gp8vg.png (before: 1kB, after: 7kB) (+192ms) (323/546)
11:10:29   ▶ /_astro/1920x900_b7vjS.png (before: 4kB, after: 5kB) (+190ms) (324/546)
11:10:29   ▶ /_astro/800x800_28sOO8.png (before: 4kB, after: 10kB) (+191ms) (325/546)
11:10:29   ▶ /_astro/1200x900_Z1ToE2R.png (before: 3kB, after: 33kB) (+191ms) (326/546)
11:10:29   ▶ /_astro/sunset.DuRdBenu_Zt1SqA.jpg (before: 105kB, after: 21kB) (+195ms) (327/546)
11:10:29   ▶ /_astro/castle.Cb20OytX_2s5nd3.jpg (before: 383kB, after: 51kB) (+220ms) (328/546)
11:10:29   ▶ /_astro/900x780_Z1LQaJu.png (before: 3kB, after: 7kB) (+188ms) (329/546)
11:10:29   ▶ /_astro/dunedin-cliff.txhlGVUZ_ZJMAa1.jpg (before: 626kB, after: 111kB) (+351ms) (330/546)
11:10:29   ▶ /_astro/sheep.3ubwki29_2cwRBf.jpg (before: 285kB, after: 103kB) (+398ms) (331/546)
11:10:29   ▶ /_astro/800x700_1Ii6Cz.png (before: 3kB, after: 37kB) (+226ms) (332/546)
11:10:29   ▶ /_astro/1920x900_3uD1i.png (before: 4kB, after: 8kB) (+210ms) (333/546)
11:10:29   ▶ /_astro/800x800_Z2pAQJC.png (before: 4kB, after: 25kB) (+210ms) (334/546)
11:10:29   ▶ /_astro/1200x900_1pVedO.png (before: 3kB, after: 53kB) (+209ms) (335/546)
11:10:29   ▶ /_astro/200x110_GsgLX.avif (before: 1kB, after: 1kB) (+287ms) (336/546)
11:10:29   ▶ /_astro/900x780_Z1S7rKj.png (before: 3kB, after: 12kB) (+356ms) (337/546)
11:10:29   ▶ /_astro/sunset.DuRdBenu_YOhpn.jpg (before: 105kB, after: 37kB) (+390ms) (338/546)
11:10:30   ▶ /_astro/castle.Cb20OytX_Z19fzJU.jpg (before: 383kB, after: 89kB) (+1.33s) (339/546)
11:10:30   ▶ /_astro/200x110_Z23MOAJ.avif (before: 2kB, after: 1kB) (+1.46s) (340/546)
11:10:30   ▶ /_astro/800x700_1sNgQN.png (before: 3kB, after: 60kB) (+1.25s) (341/546)
11:10:30   ▶ /_astro/1920x900_132ipx.png (before: 4kB, after: 24kB) (+1.25s) (342/546)
11:10:30   ▶ /_astro/200x110_Z1Ns53D.png (before: 1kB, after: 14kB) (+1.18s) (343/546)
11:10:30   ▶ /_astro/200x110_ZDoUde.avif (before: 2kB, after: 1kB) (+1.25s) (344/546)
11:10:31   ▶ /_astro/900x780_Z1bdGQ6.png (before: 3kB, after: 37kB) (+1.28s) (345/546)
11:10:31   ▶ /_astro/485x400_2n1pXp.avif (before: 3kB, after: 1kB) (+1.46s) (346/546)
11:10:31   ▶ /_astro/sunset.DuRdBenu_a5Ewe.jpg (before: 105kB, after: 79kB) (+1.32s) (347/546)
11:10:31   ▶ /_astro/200x110_ZnA9FV.avif (before: 2kB, after: 0kB) (+939ms) (348/546)
11:10:31   ▶ /_astro/castle.Cb20OytX_ZkMt3L.jpg (before: 383kB, after: 200kB) (+1.04s) (349/546)
11:10:34   ▶ /_astro/1920x900_ZGNW7H.png (before: 4kB, after: 38kB) (+3.30s) (350/546)
11:10:34   ▶ /_astro/200x110_Z8fp8P.png (before: 1kB, after: 2kB) (+3.30s) (351/546)
11:10:34   ▶ /_astro/200x110_2puGev.avif (before: 2kB, after: 0kB) (+3.29s) (352/546)
11:10:34   ▶ /_astro/200x110_Z15JxGM.avif (before: 1kB, after: 1kB) (+3.30s) (353/546)
11:10:34   ▶ /_astro/900x780_Z1qHwBR.png (before: 3kB, after: 60kB) (+3.19s) (354/546)
11:10:34   ▶ /_astro/485x400_Z1JhRvs.avif (before: 3kB, after: 1kB) (+3.19s) (355/546)
11:10:34   ▶ /_astro/quiet-street.XSHPHwVz_Z2hYaAc.avif (before: 353kB, after: 88kB) (+5.34s) (356/546)
11:10:34   ▶ /_astro/200x110_1EvxFU.avif (before: 2kB, after: 1kB) (+2.90s) (357/546)
11:10:34   ▶ /_astro/castle.Cb20OytX_2kTSI.jpg (before: 383kB, after: 347kB) (+2.91s) (358/546)
11:10:34   ▶ /_astro/200x110_1TQie1.png (before: 1kB, after: 5kB) (+743ms) (359/546)
11:10:34   ▶ /_astro/sunset.DuRdBenu_Z2evw52.avif (before: 105kB, after: 28kB) (+3.79s) (360/546)
11:10:34   ▶ /_astro/200x110_zs7d1.avif (before: 1kB, after: 0kB) (+743ms) (361/546)
11:10:34   ▶ /_astro/200x110_jsU6P.avif (before: 2kB, after: 1kB) (+744ms) (362/546)
11:10:34   ▶ /_astro/200x110_Z1zgG9g.avif (before: 1kB, after: 1kB) (+753ms) (363/546)
11:10:35   ▶ /_astro/485x400_Z1Py9wh.avif (before: 3kB, after: 1kB) (+671ms) (364/546)
11:10:35   ▶ /_astro/quiet-street.XSHPHwVz_15RecT.jpg (before: 353kB, after: 184kB) (+506ms) (365/546)
11:10:35   ▶ /_astro/200x110_2wRaKI.avif (before: 1kB, after: 1kB) (+1.04s) (366/546)
11:10:35   ▶ /_astro/200x110_ZPoN9G.png (before: 2kB, after: 14kB) (+1.12s) (367/546)
11:10:35   ▶ /_astro/200x110_Z2rCje4.avif (before: 1kB, after: 1kB) (+976ms) (368/546)
11:10:35   ▶ /_astro/200x110_Zru4UQ.png (before: 2kB, after: 14kB) (+976ms) (369/546)
11:10:36   ▶ /_astro/200x110_5UXKx.avif (before: 1kB, after: 0kB) (+1.03s) (370/546)
11:10:36   ▶ /_astro/sunset.DuRdBenu_Z1EJ1ow.avif (before: 105kB, after: 2kB) (+1.04s) (371/546)
11:10:36   ▶ /_astro/485x400_7cygU.avif (before: 3kB, after: 2kB) (+1.02s) (372/546)
11:10:36   ▶ /_astro/quiet-street.XSHPHwVz_ZKvgOp.jpg (before: 353kB, after: 13kB) (+1.05s) (373/546)
11:10:36   ▶ /_astro/200x110_ZR7i8p.avif (before: 1kB, after: 0kB) (+829ms) (374/546)
11:10:36   ▶ /_astro/200x110_OMQK7.png (before: 2kB, after: 2kB) (+574ms) (375/546)
11:10:36   ▶ /_astro/200x110_7DsJg.png (before: 1kB, after: 13kB) (+610ms) (376/546)
11:10:36   ▶ /_astro/200x110_Z2sLBi3.png (before: 2kB, after: 2kB) (+610ms) (377/546)
11:10:36   ▶ /_astro/200x110_292G8o.avif (before: 1kB, after: 1kB) (+659ms) (378/546)
11:10:36   ▶ /_astro/sheep.3ubwki29_Z2p5h3q.avif (before: 285kB, after: 111kB) (+7.00s) (379/546)
11:10:36   ▶ /_astro/sunset.DuRdBenu_ZueH5.avif (before: 105kB, after: 5kB) (+676ms) (380/546)
11:10:36   ▶ /_astro/quiet-street.XSHPHwVz_ZnV0bP.jpg (before: 353kB, after: 27kB) (+672ms) (381/546)
11:10:36   ▶ /_astro/200x110_1aYper.avif (before: 1kB, after: 1kB) (+521ms) (382/546)
11:10:36   ▶ /_astro/200x110_Z2chyFX.png (before: 2kB, after: 5kB) (+265ms) (383/546)
11:10:36   ▶ /_astro/200x110_1MQ8E4.png (before: 1kB, after: 1kB) (+431ms) (384/546)
11:10:36   ▶ /_astro/200x110_vnKod.png (before: 2kB, after: 5kB) (+431ms) (385/546)
11:10:37   ▶ /_astro/dunedin-cliff.txhlGVUZ_1qdT22.avif (before: 626kB, after: 160kB) (+7.47s) (386/546)
11:10:37   ▶ /_astro/200x110_ZlREHd.png (before: 1kB, after: 14kB) (+437ms) (387/546)
11:10:37   ▶ /_astro/sheep.3ubwki29_2cD7Ib.avif (before: 285kB, after: 5kB) (+446ms) (388/546)
11:10:37   ▶ /_astro/200x110_Z1jUVBa.png (before: 1kB, after: 13kB) (+442ms) (389/546)
11:10:37   ▶ /_astro/quiet-street.XSHPHwVz_ZSozyK.jpg (before: 353kB, after: 46kB) (+443ms) (390/546)
11:10:37   ▶ /_astro/200x110_Z1eehM1.png (before: 1kB, after: 4kB) (+210ms) (391/546)
11:10:37   ▶ /_astro/485x400_Z8hgtQ.avif (before: 3kB, after: 2kB) (+1.21s) (392/546)
11:10:37   ▶ /_astro/200x110_1jk0cA.png (before: 1kB, after: 2kB) (+123ms) (393/546)
11:10:37   ▶ /_astro/castle.Cb20OytX_1QaspG.avif (before: 383kB, after: 60kB) (+2.46s) (394/546)
11:10:37   ▶ /_astro/200x110_lgIiD.png (before: 1kB, after: 1kB) (+99ms) (395/546)
11:10:37   ▶ /_astro/sunset.DuRdBenu_XFfeu.avif (before: 105kB, after: 9kB) (+587ms) (396/546)
11:10:37   ▶ /_astro/485x400_Z2vfRy9.png (before: 3kB, after: 19kB) (+142ms) (397/546)
11:10:37   ▶ /_astro/200x110_Z1HKqeu.png (before: 1kB, after: 5kB) (+280ms) (398/546)
11:10:37   ▶ /_astro/200x110_2onqFu.png (before: 1kB, after: 4kB) (+255ms) (399/546)
11:10:37   ▶ /_astro/quiet-street.XSHPHwVz_Z2oE0lV.jpg (before: 353kB, after: 97kB) (+354ms) (400/546)
11:10:37   ▶ /_astro/dunedin-cliff.txhlGVUZ_Z2qxger.avif (before: 626kB, after: 19kB) (+411ms) (401/546)
11:10:37   ▶ /_astro/castle.Cb20OytX_yvx9D.avif (before: 383kB, after: 4kB) (+307ms) (402/546)
11:10:37   ▶ /_astro/485x400_Z1xn2e5.png (before: 3kB, after: 6kB) (+584ms) (403/546)
11:10:37   ▶ /_astro/quiet-street.XSHPHwVz_uPIeR.jpg (before: 353kB, after: 160kB) (+443ms) (404/546)
11:10:37   ▶ /_astro/sheep.3ubwki29_2kuXaY.avif (before: 285kB, after: 11kB) (+858ms) (405/546)
11:10:38   ▶ /_astro/485x400_Z1DDjeT.png (before: 3kB, after: 12kB) (+229ms) (406/546)
11:10:38   ▶ /_astro/castle.Cb20OytX_1pQ1nW.avif (before: 383kB, after: 8kB) (+1.09s) (407/546)
11:10:38   ▶ /_astro/dunedin-cliff.txhlGVUZ_L2rSi.avif (before: 626kB, after: 38kB) (+1.16s) (408/546)
11:10:39   ▶ /_astro/485x400_15nthF.png (before: 3kB, after: 35kB) (+954ms) (409/546)
11:10:39   ▶ /_astro/castle.Cb20OytX_2v46Hb.avif (before: 383kB, after: 13kB) (+962ms) (410/546)
11:10:39   ▶ /_astro/sunset.DuRdBenu_ZILiGY.avif (before: 105kB, after: 19kB) (+2.32s) (411/546)
11:10:40   ▶ /_astro/485x400_OSDvT.png (before: 3kB, after: 57kB) (+1.47s) (412/546)
11:10:40   ▶ /_astro/castle.Cb20OytX_Ztqg03.avif (before: 383kB, after: 28kB) (+1.03s) (413/546)
11:10:40   ▶ /_astro/sheep.3ubwki29_Z1DKT4z.avif (before: 285kB, after: 20kB) (+2.65s) (414/546)
11:10:41   ▶ /_astro/sunset.DuRdBenu_ZCXnXm.jpg (before: 105kB, after: 97kB) (+1.71s) (415/546)
11:10:41   ▶ /_astro/dunedin-cliff.txhlGVUZ_Z1INBKE.avif (before: 626kB, after: 62kB) (+2.63s) (416/546)
11:10:42   ▶ /_astro/sunset.DuRdBenu_ltBGf.jpg (before: 105kB, after: 8kB) (+1.55s) (417/546)
11:10:42   ▶ /_astro/quiet-street.XSHPHwVz_13b0pp.avif (before: 353kB, after: 159kB) (+4.90s) (418/546)
11:10:43   ▶ /_astro/sunset.DuRdBenu_20IonG.jpg (before: 105kB, after: 18kB) (+384ms) (419/546)
11:10:43   ▶ /_astro/castle.Cb20OytX_ZI6CVB.avif (before: 383kB, after: 50kB) (+2.61s) (420/546)
11:10:43   ▶ /_astro/sunset.DuRdBenu_Z25iftF.jpg (before: 105kB, after: 32kB) (+188ms) (421/546)
11:10:43   ▶ /_astro/castle.Cb20OytX_Z1Ctxhz.jpg (before: 383kB, after: 165kB) (+188ms) (422/546)
11:10:43   ▶ /_astro/quiet-street.XSHPHwVz_1bhh6Q.avif (before: 353kB, after: 13kB) (+689ms) (423/546)
11:10:43   ▶ /_astro/castle.Cb20OytX_Z2urWyw.jpg (before: 383kB, after: 9kB) (+118ms) (424/546)
11:10:43   ▶ /_astro/sunset.DuRdBenu_QKOoG.jpg (before: 105kB, after: 69kB) (+284ms) (425/546)
11:10:43   ▶ /_astro/castle.Cb20OytX_Z1D7tkd.jpg (before: 383kB, after: 21kB) (+191ms) (426/546)
11:10:43   ▶ /_astro/castle.Cb20OytX_ZxTo0Y.jpg (before: 383kB, after: 37kB) (+139ms) (427/546)
11:10:44   ▶ /_astro/castle.Cb20OytX_176R6C.jpg (before: 383kB, after: 82kB) (+135ms) (428/546)
11:10:44   ▶ /_astro/castle.Cb20OytX_Rqua4.jpg (before: 383kB, after: 143kB) (+141ms) (429/546)
11:10:44   ▶ /_astro/sheep.3ubwki29_1N46W0.avif (before: 285kB, after: 48kB) (+3.67s) (430/546)
11:10:44   ▶ /_astro/quiet-street.XSHPHwVz_16Jo9D.avif (before: 353kB, after: 26kB) (+887ms) (431/546)
11:10:46   ▶ /_astro/quiet-street.XSHPHwVz_ZPrHzW.avif (before: 353kB, after: 43kB) (+2.09s) (432/546)
11:10:47   ▶ /_astro/dunedin-cliff.txhlGVUZ_Z1Mt9VV.avif (before: 626kB, after: 118kB) (+6.65s) (433/546)
11:10:48   ▶ /_astro/dunedin-cliff.txhlGVUZ_2jifAC.jpg (before: 626kB, after: 315kB) (+135ms) (434/546)
11:10:48   ▶ /_astro/dunedin-cliff.txhlGVUZ_12fPqQ.jpg (before: 626kB, after: 31kB) (+103ms) (435/546)
11:10:48   ▶ /_astro/dunedin-cliff.txhlGVUZ_ZPlzfl.jpg (before: 626kB, after: 67kB) (+144ms) (436/546)
11:10:48   ▶ /_astro/dunedin-cliff.txhlGVUZ_1IYtTD.jpg (before: 626kB, after: 111kB) (+166ms) (437/546)
11:10:48   ▶ /_astro/dunedin-cliff.txhlGVUZ_ZVGN9p.jpg (before: 626kB, after: 228kB) (+187ms) (438/546)
11:10:48   ▶ /_astro/castle.Cb20OytX_5jNzU.avif (before: 383kB, after: 125kB) (+4.77s) (439/546)
11:10:49   ▶ /_astro/castle.Cb20OytX_2nAjes.avif (before: 383kB, after: 12kB) (+996ms) (440/546)
11:10:51   ▶ /_astro/sheep.3ubwki29_14OPn9.avif (before: 285kB, after: 82kB) (+6.82s) (441/546)
11:10:51   ▶ /_astro/sheep.3ubwki29_ZjYq3N.jpg (before: 285kB, after: 297kB) (+115ms) (442/546)
11:10:51   ▶ /_astro/sheep.3ubwki29_p1z3Q.jpg (before: 285kB, after: 15kB) (+70ms) (443/546)
11:10:51   ▶ /_astro/sheep.3ubwki29_wSpvE.jpg (before: 285kB, after: 35kB) (+123ms) (444/546)
11:10:51   ▶ /_astro/sheep.3ubwki29_1CNG52.jpg (before: 285kB, after: 63kB) (+146ms) (445/546)
11:10:51   ▶ /_astro/sheep.3ubwki29_22aAs7.jpg (before: 285kB, after: 147kB) (+158ms) (446/546)
11:10:51   ▶ /_astro/castle.Cb20OytX_NjDRO.avif (before: 383kB, after: 27kB) (+2.01s) (447/546)
11:10:51   ▶ /_astro/sheep.3ubwki29_Z1Ugrra.jpg (before: 285kB, after: 258kB) (+207ms) (448/546)
11:10:51   ▶ /_astro/quiet-street.XSHPHwVz_1eRk8W.avif (before: 353kB, after: 87kB) (+5.43s) (449/546)
11:10:52   ▶ /_astro/dunedin-cliff.txhlGVUZ_lzXtF.avif (before: 626kB, after: 131kB) (+3.53s) (450/546)
11:10:53   ▶ /_astro/dunedin-cliff.txhlGVUZ_1mH4kQ.avif (before: 626kB, after: 15kB) (+849ms) (451/546)
11:10:53   ▶ /_astro/dunedin-cliff.txhlGVUZ_Z1ddmue.avif (before: 626kB, after: 31kB) (+795ms) (452/546)
11:10:54   ▶ /_astro/dunedin-cliff.txhlGVUZ_xklNR.avif (before: 626kB, after: 50kB) (+1.10s) (453/546)
11:10:55   ▶ /_astro/castle.Cb20OytX_ZKW0sO.avif (before: 383kB, after: 45kB) (+3.34s) (454/546)
11:10:58   ▶ /_astro/quiet-street.XSHPHwVz_1dik2N.avif (before: 353kB, after: 134kB) (+6.14s) (455/546)
11:10:58   ▶ /_astro/dunedin-cliff.txhlGVUZ_sfDvR.avif (before: 626kB, after: 97kB) (+3.22s) (456/546)
11:10:58   ▶ /_astro/quiet-street.XSHPHwVz_Z1ebeys.jpg (before: 353kB, after: 296kB) (+144ms) (457/546)
11:10:58   ▶ /_astro/quiet-street.XSHPHwVz_2pPb24.jpg (before: 353kB, after: 20kB) (+98ms) (458/546)
11:10:58   ▶ /_astro/quiet-street.XSHPHwVz_2lii4Q.jpg (before: 353kB, after: 44kB) (+155ms) (459/546)
11:10:58   ▶ /_astro/quiet-street.XSHPHwVz_o6bkg.jpg (before: 353kB, after: 75kB) (+444ms) (460/546)
11:10:58   ▶ /_astro/castle.Cb20OytX_ZHUIOH.avif (before: 383kB, after: 102kB) (+3.66s) (461/546)
11:10:59   ▶ /_astro/quiet-street.XSHPHwVz_Z12tTOU.jpg (before: 353kB, after: 159kB) (+211ms) (462/546)
11:10:59   ▶ /_astro/quiet-street.XSHPHwVz_Z143TV4.jpg (before: 353kB, after: 263kB) (+244ms) (463/546)
11:11:03   ▶ /_astro/castle.Cb20OytX_ZXFSoY.avif (before: 383kB, after: 99kB) (+4.09s) (464/546)
11:11:03   ▶ /_astro/castle.Cb20OytX_Z8FmRP.avif (before: 383kB, after: 17kB) (+901ms) (465/546)
11:11:05   ▶ /_astro/castle.Cb20OytX_2d343L.avif (before: 383kB, after: 37kB) (+1.99s) (466/546)
11:11:07   ▶ /_astro/dunedin-cliff.txhlGVUZ_1mAiCY.avif (before: 626kB, after: 160kB) (+9.00s) (467/546)
11:11:07   ▶ /_astro/quiet-street.XSHPHwVz_1rrKCy.avif (before: 353kB, after: 191kB) (+7.80s) (468/546)
11:11:07   ▶ /_astro/dunedin-cliff.txhlGVUZ_I4nvO.jpg (before: 626kB, after: 257kB) (+184ms) (469/546)
11:11:07   ▶ /_astro/dunedin-cliff.txhlGVUZ_ZTEaD1.jpg (before: 626kB, after: 25kB) (+119ms) (470/546)
11:11:07   ▶ /_astro/dunedin-cliff.txhlGVUZ_1zBwkP.jpg (before: 626kB, after: 54kB) (+168ms) (471/546)
11:11:07   ▶ /_astro/quiet-street.XSHPHwVz_Z5fsOO.avif (before: 353kB, after: 15kB) (+590ms) (472/546)
11:11:07   ▶ /_astro/dunedin-cliff.txhlGVUZ_Z1J1Sa0.jpg (before: 626kB, after: 90kB) (+179ms) (473/546)
11:11:07   ▶ /_astro/castle.Cb20OytX_K7uAV.avif (before: 383kB, after: 64kB) (+1.97s) (474/546)
11:11:08   ▶ /_astro/dunedin-cliff.txhlGVUZ_OJ3y1.jpg (before: 626kB, after: 185kB) (+233ms) (475/546)
11:11:09   ▶ /_astro/quiet-street.XSHPHwVz_ZeXhoQ.avif (before: 353kB, after: 31kB) (+2.21s) (476/546)
11:11:13   ▶ /_astro/castle.Cb20OytX_9c6sR.avif (before: 383kB, after: 126kB) (+5.22s) (477/546)
11:11:13   ▶ /_astro/castle.Cb20OytX_1gnff7.avif (before: 383kB, after: 7kB) (+540ms) (478/546)
11:11:14   ▶ /_astro/castle.Cb20OytX_pzdEY.avif (before: 383kB, after: 15kB) (+907ms) (479/546)
11:11:15   ▶ /_astro/quiet-street.XSHPHwVz_o6BqW.avif (before: 353kB, after: 52kB) (+5.42s) (480/546)
11:11:16   ▶ /_astro/castle.Cb20OytX_Z1aoBUN.avif (before: 383kB, after: 26kB) (+1.58s) (481/546)
11:11:20   ▶ /_astro/castle.Cb20OytX_Z1eErhY.avif (before: 383kB, after: 54kB) (+4.46s) (482/546)
11:11:22   ▶ /_astro/quiet-street.XSHPHwVz_1ur5l5.avif (before: 353kB, after: 103kB) (+7.31s) (483/546)
11:11:23   ▶ /_astro/castle.Cb20OytX_Z2luIx.avif (before: 383kB, after: 94kB) (+2.82s) (484/546)
11:11:23   ▶ /_astro/dunedin-cliff.txhlGVUZ_Z2fw3KM.avif (before: 626kB, after: 241kB) (+15.50s) (485/546)
11:11:23   ▶ /_astro/castle.Cb20OytX_Z1bOvcA.jpg (before: 383kB, after: 313kB) (+186ms) (486/546)
11:11:23   ▶ /_astro/castle.Cb20OytX_ZFnbtH.jpg (before: 383kB, after: 30kB) (+115ms) (487/546)
11:11:23   ▶ /_astro/castle.Cb20OytX_Z2fDPPl.jpg (before: 383kB, after: 69kB) (+199ms) (488/546)
11:11:24   ▶ /_astro/castle.Cb20OytX_1fgCBW.jpg (before: 383kB, after: 123kB) (+202ms) (489/546)
11:11:24   ▶ /_astro/castle.Cb20OytX_Z2053Cd.jpg (before: 383kB, after: 270kB) (+210ms) (490/546)
11:11:24   ▶ /_astro/castle.Cb20OytX_BQeGG.jpg (before: 383kB, after: 240kB) (+135ms) (491/546)
11:11:24   ▶ /_astro/dunedin-cliff.txhlGVUZ_Z1c9USH.webp (before: 626kB, after: 282kB) (+1.02s) (492/546)
11:11:24   ▶ /_astro/castle.Cb20OytX_1RxgcV.jpg (before: 383kB, after: 42kB) (+161ms) (493/546)
11:11:24   ▶ /_astro/castle.Cb20OytX_ZPUqEo.jpg (before: 383kB, after: 94kB) (+312ms) (494/546)
11:11:25   ▶ /_astro/castle.Cb20OytX_2lECHB.jpg (before: 383kB, after: 166kB) (+220ms) (495/546)
11:11:25   ▶ /_astro/castle.Cb20OytX_1JJezx.jpg (before: 383kB, after: 301kB) (+166ms) (496/546)
11:11:25   ▶ /_astro/castle.Cb20OytX_Z1MAft3.jpg (before: 383kB, after: 18kB) (+154ms) (497/546)
11:11:25   ▶ /_astro/castle.Cb20OytX_2qMQKK.jpg (before: 383kB, after: 39kB) (+154ms) (498/546)
11:11:25   ▶ /_astro/castle.Cb20OytX_PO19X.jpg (before: 383kB, after: 68kB) (+171ms) (499/546)
11:11:25   ▶ /_astro/castle.Cb20OytX_lRFNG.jpg (before: 383kB, after: 151kB) (+177ms) (500/546)
11:11:26   ▶ /_astro/castle.Cb20OytX_1ybCn8.jpg (before: 383kB, after: 262kB) (+205ms) (501/546)
11:11:28   ▶ /_astro/quiet-street.XSHPHwVz_Z1xtBj0.avif (before: 353kB, after: 160kB) (+5.62s) (502/546)
11:11:28   ▶ /_astro/quiet-street.XSHPHwVz_2ie7q5.jpg (before: 353kB, after: 371kB) (+104ms) (503/546)
11:11:28   ▶ /_astro/quiet-street.XSHPHwVz_Z26uM3w.jpg (before: 353kB, after: 25kB) (+78ms) (504/546)
11:11:28   ▶ /_astro/dunedin-cliff.txhlGVUZ_ZnSYxV.avif (before: 626kB, after: 90kB) (+3.96s) (505/546)
11:11:28   ▶ /_astro/quiet-street.XSHPHwVz_Z2gdACy.jpg (before: 353kB, after: 54kB) (+121ms) (506/546)
11:11:28   ▶ /_astro/quiet-street.XSHPHwVz_Z1C8GLK.jpg (before: 353kB, after: 92kB) (+144ms) (507/546)
11:11:28   ▶ /_astro/quiet-street.XSHPHwVz_Z6VVMy.jpg (before: 353kB, after: 198kB) (+160ms) (508/546)
11:11:29   ▶ /_astro/quiet-street.XSHPHwVz_ZGHfvt.jpg (before: 353kB, after: 327kB) (+180ms) (509/546)
11:11:29   ▶ /_astro/dunedin-cliff.txhlGVUZ_2qxTO4.avif (before: 626kB, after: 28kB) (+659ms) (510/546)
11:11:31   ▶ /_astro/dunedin-cliff.txhlGVUZ_1hfVjW.avif (before: 626kB, after: 55kB) (+2.58s) (511/546)
11:11:32   ▶ /_astro/quiet-street.XSHPHwVz_2b3LJo.avif (before: 353kB, after: 151kB) (+3.26s) (512/546)
11:11:32   ▶ /_astro/quiet-street.XSHPHwVz_Z1sgXYY.avif (before: 353kB, after: 18kB) (+598ms) (513/546)
11:11:34   ▶ /_astro/quiet-street.XSHPHwVz_Z2fp8bP.avif (before: 353kB, after: 40kB) (+1.58s) (514/546)
11:11:34   ▶ /_astro/dunedin-cliff.txhlGVUZ_jsh8j.avif (before: 626kB, after: 84kB) (+2.86s) (515/546)
11:11:34   ▶ /_astro/dunedin-cliff.txhlGVUZ_Z1pzvM.jpg (before: 626kB, after: 177kB) (+118ms) (516/546)
11:11:34   ▶ /_astro/dunedin-cliff.txhlGVUZ_9bEPc.jpg (before: 626kB, after: 50kB) (+150ms) (517/546)
11:11:35   ▶ /_astro/dunedin-cliff.txhlGVUZ_Z106iDU.jpg (before: 626kB, after: 104kB) (+147ms) (518/546)
11:11:35   ▶ /_astro/dunedin-cliff.txhlGVUZ_FVGas.jpg (before: 626kB, after: 171kB) (+213ms) (519/546)
11:11:36   ▶ /_astro/quiet-street.XSHPHwVz_22DQqf.avif (before: 353kB, after: 66kB) (+1.77s) (520/546)
11:11:38   ▶ /_astro/quiet-street.XSHPHwVz_Z1LJNjn.avif (before: 353kB, after: 126kB) (+2.55s) (521/546)
11:11:41   ▶ /_astro/quiet-street.XSHPHwVz_HkDOd.avif (before: 353kB, after: 129kB) (+3.10s) (522/546)
11:11:42   ▶ /_astro/quiet-street.XSHPHwVz_1u4O1X.avif (before: 353kB, after: 15kB) (+407ms) (523/546)
11:11:43   ▶ /_astro/quiet-street.XSHPHwVz_ZcptAB.avif (before: 353kB, after: 33kB) (+1.11s) (524/546)
11:11:45   ▶ /_astro/quiet-street.XSHPHwVz_Z1STMeb.avif (before: 353kB, after: 56kB) (+1.51s) (525/546)
11:11:47   ▶ /_astro/quiet-street.XSHPHwVz_mXFvk.avif (before: 353kB, after: 110kB) (+2.44s) (526/546)
11:11:49   ▶ /_astro/quiet-street.XSHPHwVz_Z1LT3Pd.avif (before: 353kB, after: 129kB) (+2.23s) (527/546)
11:11:49   ▶ /_astro/quiet-street.XSHPHwVz_Z256hfN.avif (before: 353kB, after: 15kB) (+315ms) (528/546)
11:11:50   ▶ /_astro/quiet-street.XSHPHwVz_2cWHmh.avif (before: 353kB, after: 32kB) (+778ms) (529/546)
11:11:51   ▶ /_astro/quiet-street.XSHPHwVz_1pOyaq.avif (before: 353kB, after: 55kB) (+1.12s) (530/546)
11:11:54   ▶ /_astro/quiet-street.XSHPHwVz_ZEvv53.avif (before: 353kB, after: 110kB) (+2.28s) (531/546)
11:11:54   ▶ /_astro/quiet-street.XSHPHwVz_Z29AQBz.jpg (before: 353kB, after: 276kB) (+84ms) (532/546)
11:11:54   ▶ /_astro/quiet-street.XSHPHwVz_ZcIxxh.jpg (before: 353kB, after: 30kB) (+48ms) (533/546)
11:11:54   ▶ /_astro/quiet-street.XSHPHwVz_ZYQGJ8.jpg (before: 353kB, after: 67kB) (+81ms) (534/546)
11:11:54   ▶ /_astro/quiet-street.XSHPHwVz_Z1LYPUY.jpg (before: 353kB, after: 116kB) (+90ms) (535/546)
11:11:54   ▶ /_astro/quiet-street.XSHPHwVz_Z12diQp.jpg (before: 353kB, after: 243kB) (+106ms) (536/546)
11:11:54   ▶ /_astro/quiet-street.XSHPHwVz_14O3Qm.jpg (before: 353kB, after: 258kB) (+72ms) (537/546)
11:11:54   ▶ /_astro/quiet-street.XSHPHwVz_Z2lypQK.jpg (before: 353kB, after: 27kB) (+48ms) (538/546)
11:11:54   ▶ /_astro/quiet-street.XSHPHwVz_128pjB.jpg (before: 353kB, after: 61kB) (+81ms) (539/546)
11:11:54   ▶ /_astro/quiet-street.XSHPHwVz_ZElSiX.jpg (before: 353kB, after: 105kB) (+91ms) (540/546)
11:11:55   ▶ /_astro/quiet-street.XSHPHwVz_Js5xt.jpg (before: 353kB, after: 224kB) (+150ms) (541/546)
11:11:55   ▶ /_astro/quiet-street.XSHPHwVz_Z12mynf.jpg (before: 353kB, after: 268kB) (+105ms) (542/546)
11:11:55   ▶ /_astro/quiet-street.XSHPHwVz_ZOxPN6.jpg (before: 353kB, after: 28kB) (+72ms) (543/546)
11:11:55   ▶ /_astro/quiet-street.XSHPHwVz_Z1BFYYW.jpg (before: 353kB, after: 63kB) (+101ms) (544/546)
11:11:55   ▶ /_astro/quiet-street.XSHPHwVz_Z2oO9bN.jpg (before: 353kB, after: 110kB) (+106ms) (545/546)
11:11:55   ▶ /_astro/quiet-street.XSHPHwVz_50YmU.jpg (before: 353kB, after: 233kB) (+119ms) (546/546)
11:11:55 ✓ Completed in 132.45s.

11:11:55 [@astrojs/sitemap] `sitemap-index.xml` created at `dist`
11:11:55 [build] 106 page(s) built in 166.86s
11:11:55 [build] Complete!
