238 post(s) written
231 image(s) copied, 25 unavailable
  ! "does-invisalign-hurt" — dropped unavailable image woman-patient-visiting-dentist-500x334.jpg
  ! "change-your-toothbrush" — dropped unavailable image beautiful-woman-holding-her-toothbrush-500x403.jpg
  ! "white-spots-on-my-teeth" — dropped unavailable image young-blonde-woman-purple-top-500x500.jpg
  ! "how-to-unlock-a-locked-jaw" — dropped unavailable image young-blonde-woman-black-jacket-500x333.jpg
  ! "common-oral-health-ailments-treatments" — dropped unavailable image pretty-young-woman-brushing-her-teeth-bathroom-500x333.jpg
  ! "understanding-dental-veneers" — dropped unavailable image dental-implants-surgery-concept-pen-tool-created-clipping-path-included-jpeg-easy-composite-500x340.jpg
  ! "how-dental-implants-work" — dropped unavailable image woman-smiling-while-male-dentist-keeping-teeth-color-range-500x334.jpg
  ! "a-must-read-article-before-getting-botox-for-jaw-clenching" — dropped unavailable image plastic-surgery-attractive-handsome-man-500x333.jpg
  ! "how-long-does-dental-bonding-last" — dropped unavailable image shutterstock_1282520254-500x334.jpg
  ! "how-to-get-rid-of-stained-teeth" — dropped unavailable image primer-disparo-mujer-atractiva-emocionada-feliz-pelo-rizado-riendo-riendo-cubriendo-500x333.jpg
  ! "what-to-eat-after-wisdom-teeth-removal" — dropped unavailable image chica-morena-comiendose-dulce-500x333.jpg
  ! "how-long-does-a-teeth-cleaning-takes" — dropped unavailable image hermosa-chica-sentada-oficina-dentista-500x333.jpg
  ! "cosmetic-dentist-procedures-austin" — dropped unavailable image cerrar-cliente-feliz-clinica-dental-500x333.jpg
  ! "how-often-should-you-get-your-teeth-cleaned" — dropped unavailable image young-african-american-man-guy-visiting-dentist-s-office-prevention-oral-cavity-man-famale-doctor-while-checkup-teeth-500x333.jpg
  ! "key-to-a-prettier-smile" — dropped unavailable image handsome-happy-guy-sitting-cafe-drinking-lemonade-using-mobile-phone-laughing-text-message-500x333.jpg
  ! "ways-to-protect-childrens-teeth" — dropped unavailable image close-up-boy-dentist-333x500.jpg
  ! "teeth-cleaning-last-longer" — dropped unavailable image brunette-smiling-female-sits-outdoor-cafeteria-has-broad-smile-has-good-rest-has-satisfied-expression-rests-tropical-resort-country-cute-young-woman-rests-terrace-cafe-positiveness-500x334.jpg
  ! "acid-reflux-tooth-health" — dropped unavailable image indoor-photo-young-pretty-redhead-lady-keeping-her-eyes-closed-frowning-face-while-having-stomachache-standing-pink-background-casual-clothes-500x334.jpg
  ! "5-reasons-to-improve-your-smile" — dropped unavailable image close-up-cute-dreamy-young-woman-smiling-winking-front-encourage-client-standing-white-wall-500x334.jpg
  ! "ways-to-reduce-dental-anxiety-at-the-dentist" — dropped unavailable image Barclay-1-hero-scaled-tiny-500x333.jpg
  ! …and 5 more
  missing asset: /wp-content/uploads/2024/01/woman-patient-visiting-dentist-500x334.jpg
  missing asset: /wp-content/uploads/2023/12/beautiful-woman-holding-her-toothbrush-500x403.jpg
  missing asset: /wp-content/uploads/2023/11/young-blonde-woman-purple-top-500x500.jpg
  missing asset: /wp-content/uploads/2023/10/young-blonde-woman-black-jacket-500x333.jpg
  missing asset: /wp-content/uploads/2023/10/pretty-young-woman-brushing-her-teeth-bathroom-500x333.jpg
  missing asset: /wp-content/uploads/2023/10/dental-implants-surgery-concept-pen-tool-created-clipping-path-included-jpeg-easy-composite-500x340.jpg
  missing asset: /wp-content/uploads/2023/10/woman-smiling-while-male-dentist-keeping-teeth-color-range-500x334.jpg
  missing asset: /wp-content/uploads/2023/09/plastic-surgery-attractive-handsome-man-500x333.jpg
  missing asset: /wp-content/uploads/2023/09/shutterstock_1282520254-500x334.jpg
  missing asset: /wp-content/uploads/2023/08/primer-disparo-mujer-atractiva-emocionada-feliz-pelo-rizado-riendo-riendo-cubriendo-500x333.jpg
